Archive member included to satisfy reference by file (symbol)

c:/nxp/mcuxpressoide_11.0.0_2516/ide/plugins/com.nxp.mcuxpresso.tools.win32_11.0.0.201905131304/tools/bin/../lib/gcc/arm-none-eabi/8.2.1/../../../../arm-none-eabi/lib/thumb/v6-m/nofp\libcr_semihost_nf.a(_cr__main.o)
                              ./debug/startup_mkl25z4.o (__main)
c:/nxp/mcuxpressoide_11.0.0_2516/ide/plugins/com.nxp.mcuxpresso.tools.win32_11.0.0.201905131304/tools/bin/../lib/gcc/arm-none-eabi/8.2.1/../../../../arm-none-eabi/lib/thumb/v6-m/nofp\libcr_c.a(memcpy.o)
                              ./debug/fsl_flash.o (memcpy)
c:/nxp/mcuxpressoide_11.0.0_2516/ide/plugins/com.nxp.mcuxpresso.tools.win32_11.0.0.201905131304/tools/bin/../lib/gcc/arm-none-eabi/8.2.1/../../../../arm-none-eabi/lib/thumb/v6-m/nofp\libcr_c.a(memset.o)
                              ./debug/fsl_flash.o (memset)
c:/nxp/mcuxpressoide_11.0.0_2516/ide/plugins/com.nxp.mcuxpresso.tools.win32_11.0.0.201905131304/tools/bin/../lib/gcc/arm-none-eabi/8.2.1/../../../../arm-none-eabi/lib/thumb/v6-m/nofp\libcr_c.a(alloc.o)
                              ./debug/circular_buffer.o (malloc)
c:/nxp/mcuxpressoide_11.0.0_2516/ide/plugins/com.nxp.mcuxpresso.tools.win32_11.0.0.201905131304/tools/bin/../lib/gcc/arm-none-eabi/8.2.1/../../../../arm-none-eabi/lib/thumb/v6-m/nofp\libcr_c.a(initio.o)
                              c:/nxp/mcuxpressoide_11.0.0_2516/ide/plugins/com.nxp.mcuxpresso.tools.win32_11.0.0.201905131304/tools/bin/../lib/gcc/arm-none-eabi/8.2.1/../../../../arm-none-eabi/lib/thumb/v6-m/nofp\libcr_semihost_nf.a(_cr__main.o) (_initio)
c:/nxp/mcuxpressoide_11.0.0_2516/ide/plugins/com.nxp.mcuxpresso.tools.win32_11.0.0.201905131304/tools/bin/../lib/gcc/arm-none-eabi/8.2.1/../../../../arm-none-eabi/lib/thumb/v6-m/nofp\libcr_c.a(setvbuf.o)
                              c:/nxp/mcuxpressoide_11.0.0_2516/ide/plugins/com.nxp.mcuxpresso.tools.win32_11.0.0.201905131304/tools/bin/../lib/gcc/arm-none-eabi/8.2.1/../../../../arm-none-eabi/lib/thumb/v6-m/nofp\libcr_c.a(initio.o) (setvbuf)
c:/nxp/mcuxpressoide_11.0.0_2516/ide/plugins/com.nxp.mcuxpresso.tools.win32_11.0.0.201905131304/tools/bin/../lib/gcc/arm-none-eabi/8.2.1/../../../../arm-none-eabi/lib/thumb/v6-m/nofp\libcr_c.a(strlen.o)
                              ./debug/fsl_debug_console.o (strlen)
c:/nxp/mcuxpressoide_11.0.0_2516/ide/plugins/com.nxp.mcuxpresso.tools.win32_11.0.0.201905131304/tools/bin/../lib/gcc/arm-none-eabi/8.2.1/../../../../arm-none-eabi/lib/thumb/v6-m/nofp\libcr_c.a(__init_alloc.o)
                              c:/nxp/mcuxpressoide_11.0.0_2516/ide/plugins/com.nxp.mcuxpresso.tools.win32_11.0.0.201905131304/tools/bin/../lib/gcc/arm-none-eabi/8.2.1/../../../../arm-none-eabi/lib/thumb/v6-m/nofp\libcr_c.a(alloc.o) (__heaps)
c:/nxp/mcuxpressoide_11.0.0_2516/ide/plugins/com.nxp.mcuxpresso.tools.win32_11.0.0.201905131304/tools/bin/../lib/gcc/arm-none-eabi/8.2.1/../../../../arm-none-eabi/lib/thumb/v6-m/nofp\libcr_c.a(_cr_sbrk.o)
                              c:/nxp/mcuxpressoide_11.0.0_2516/ide/plugins/com.nxp.mcuxpresso.tools.win32_11.0.0.201905131304/tools/bin/../lib/gcc/arm-none-eabi/8.2.1/../../../../arm-none-eabi/lib/thumb/v6-m/nofp\libcr_c.a(alloc.o) (_sbrk)
c:/nxp/mcuxpressoide_11.0.0_2516/ide/plugins/com.nxp.mcuxpresso.tools.win32_11.0.0.201905131304/tools/bin/../lib/gcc/arm-none-eabi/8.2.1/../../../../arm-none-eabi/lib/thumb/v6-m/nofp\libcr_c.a(_fdopen.o)
                              c:/nxp/mcuxpressoide_11.0.0_2516/ide/plugins/com.nxp.mcuxpresso.tools.win32_11.0.0.201905131304/tools/bin/../lib/gcc/arm-none-eabi/8.2.1/../../../../arm-none-eabi/lib/thumb/v6-m/nofp\libcr_c.a(initio.o) (_fdopen)
c:/nxp/mcuxpressoide_11.0.0_2516/ide/plugins/com.nxp.mcuxpresso.tools.win32_11.0.0.201905131304/tools/bin/../lib/gcc/arm-none-eabi/8.2.1/../../../../arm-none-eabi/lib/thumb/v6-m/nofp\libcr_c.a(errno.o)
                              c:/nxp/mcuxpressoide_11.0.0_2516/ide/plugins/com.nxp.mcuxpresso.tools.win32_11.0.0.201905131304/tools/bin/../lib/gcc/arm-none-eabi/8.2.1/../../../../arm-none-eabi/lib/thumb/v6-m/nofp\libcr_c.a(_cr_sbrk.o) (errno)
c:/nxp/mcuxpressoide_11.0.0_2516/ide/plugins/com.nxp.mcuxpresso.tools.win32_11.0.0.201905131304/tools/bin/../lib/gcc/arm-none-eabi/8.2.1/../../../../arm-none-eabi/lib/thumb/v6-m/nofp\libcr_c.a(fclose.o)
                              c:/nxp/mcuxpressoide_11.0.0_2516/ide/plugins/com.nxp.mcuxpresso.tools.win32_11.0.0.201905131304/tools/bin/../lib/gcc/arm-none-eabi/8.2.1/../../../../arm-none-eabi/lib/thumb/v6-m/nofp\libcr_c.a(initio.o) (fclose)
c:/nxp/mcuxpressoide_11.0.0_2516/ide/plugins/com.nxp.mcuxpresso.tools.win32_11.0.0.201905131304/tools/bin/../lib/gcc/arm-none-eabi/8.2.1/../../../../arm-none-eabi/lib/thumb/v6-m/nofp\libcr_c.a(fflush.o)
                              c:/nxp/mcuxpressoide_11.0.0_2516/ide/plugins/com.nxp.mcuxpresso.tools.win32_11.0.0.201905131304/tools/bin/../lib/gcc/arm-none-eabi/8.2.1/../../../../arm-none-eabi/lib/thumb/v6-m/nofp\libcr_c.a(fclose.o) (fflush)
[...]
Memory Configuration

Name             Origin             Length             Attributes
PROGRAM_FLASH    0x00000000         0x00020000         xr
SRAM             0x1ffff000         0x00004000         xrw
*default*        0x00000000         0xffffffff

Linker script and memory map

LOAD ./debug/PES_Project_5.o
LOAD ./debug/logger.o
LOAD ./debug/circular_buffer.o
LOAD ./debug/uart.o
LOAD ./debug/systick.o
LOAD ./debug/led.o
LOAD ./debug/unit_test.o
LOAD ./debug/System.o
LOAD ./debug/startup_mkl25z4.o
LOAD ./debug/system_MKL25Z4.o
LOAD ./debug/board.o
LOAD ./debug/clock_config.o
LOAD ./debug/peripherals.o
LOAD ./debug/pin_mux.o
LOAD ./debug/fsl_clock.o
LOAD ./debug/fsl_common.o
LOAD ./debug/fsl_flash.o
LOAD ./debug/fsl_gpio.o
LOAD ./debug/fsl_lpsci.o
LOAD ./debug/fsl_smc.o
LOAD ./debug/fsl_uart.o
LOAD ./debug/fsl_debug_console.o
START GROUP
LOAD c:/nxp/mcuxpressoide_11.0.0_2516/ide/plugins/com.nxp.mcuxpresso.tools.win32_11.0.0.201905131304/tools/bin/../lib/gcc/arm-none-eabi/8.2.1/../../../../arm-none-eabi/lib/thumb/v6-m/nofp\libcr_semihost_nf.a
LOAD c:/nxp/mcuxpressoide_11.0.0_2516/ide/plugins/com.nxp.mcuxpresso.tools.win32_11.0.0.201905131304/tools/bin/../lib/gcc/arm-none-eabi/8.2.1/../../../../arm-none-eabi/lib/thumb/v6-m/nofp\libcr_c.a
LOAD c:/nxp/mcuxpressoide_11.0.0_2516/ide/plugins/com.nxp.mcuxpresso.tools.win32_11.0.0.201905131304/tools/bin/../lib/gcc/arm-none-eabi/8.2.1/thumb/v6-m/nofp\libcr_eabihelpers.a
END GROUP
                0x00000000                __base_PROGRAM_FLASH = 0x0
                0x00000000                __base_Flash = 0x0
                0x00020000                __top_PROGRAM_FLASH = 0x20000
                0x00020000                __top_Flash = 0x20000
                0x1ffff000                __base_SRAM = 0x1ffff000
                0x1ffff000                __base_RAM = 0x1ffff000
                0x20003000                __top_SRAM = 0x20003000
                0x20003000                __top_RAM = 0x20003000

.text           0x00000000     0x5b7c
 FILL mask 0xff
                0x00000000                __vectors_start__ = ABSOLUTE (.)
 *(.isr_vector)
 .isr_vector    0x00000000       0xc0 ./debug/startup_mkl25z4.o
                0x00000000                g_pfnVectors
                0x00000000                __Vectors
                0x000000c0                . = ALIGN (0x4)
                0x000000c0                __section_table_start = .
                0x000000c0                __data_section_table = .
                0x000000c0        0x4 LONG 0x5b7c LOADADDR (.data)
                0x000000c4        0x4 LONG 0x1ffff000 ADDR (.data)
                0x000000c8        0x4 LONG 0x8 SIZEOF (.data)
                0x000000cc                __data_section_table_end = .
                0x000000cc                __bss_section_table = .
                0x000000cc        0x4 LONG 0x1ffff008 ADDR (.bss)
                0x000000d0        0x4 LONG 0x114 SIZEOF (.bss)
                0x000000d4                __bss_section_table_end = .
                0x000000d4                __section_table_end = .
 *(.after_vectors*)
 .after_vectors.init_data
                0x000000d4       0x12 ./debug/startup_mkl25z4.o
                0x000000d4                data_init
 .after_vectors.init_bss
                0x000000e6       0x10 ./debug/startup_mkl25z4.o
                0x000000e6                bss_init
 *fill*         0x000000f6        0x2 ff
 .after_vectors.reset
                0x000000f8       0x4c ./debug/startup_mkl25z4.o
                0x000000f8                ResetISR
 .after_vectors
                0x00000144      0x10c ./debug/startup_mkl25z4.o
                0x00000144                NMI_Handler
                0x00000146                HardFault_Handler
                0x00000148                SVC_Handler
                0x0000014a                PendSV_Handler
                0x0000014e                SPI1_DriverIRQHandler
                0x0000014e                LPTMR0_DriverIRQHandler
                0x0000014e                Reserved39_DriverIRQHandler
                0x0000014e                DMA0_DriverIRQHandler
                0x0000014e                I2C0_DriverIRQHandler
                0x0000014e                PORTD_DriverIRQHandler
                0x0000014e                DMA2_DriverIRQHandler
                0x0000014e                CMP0_DriverIRQHandler
                0x0000014e                TPM2_DriverIRQHandler
                0x0000014e                ADC0_DriverIRQHandler
                0x0000014e                SPI0_DriverIRQHandler
                0x0000014e                TSI0_DriverIRQHandler
                0x0000014e                RTC_Seconds_DriverIRQHandler
                0x0000014e                I2C1_DriverIRQHandler
                0x0000014e                LLWU_DriverIRQHandler
                0x0000014e                MCG_DriverIRQHandler
                0x0000014e                DMA1_DriverIRQHandler
                0x0000014e                PIT_DriverIRQHandler
                0x0000014e                RTC_DriverIRQHandler
                0x0000014e                FTFA_DriverIRQHandler
                0x0000014e                IntDefaultHandler
                0x0000014e                USB0_DriverIRQHandler
                0x0000014e                DAC0_DriverIRQHandler
                0x0000014e                TPM1_DriverIRQHandler
                0x0000014e                LVD_LVW_DriverIRQHandler
                0x0000014e                TPM0_DriverIRQHandler
                0x0000014e                PORTA_DriverIRQHandler
                0x0000014e                Reserved45_DriverIRQHandler
                0x0000014e                Reserved20_DriverIRQHandler
                0x0000014e                DMA3_DriverIRQHandler
                0x00000150                DMA0_IRQHandler
                0x00000158                DMA1_IRQHandler
                0x00000160                DMA2_IRQHandler
                0x00000168                DMA3_IRQHandler
                0x00000170                Reserved20_IRQHandler
                0x00000178                FTFA_IRQHandler
                0x00000180                LVD_LVW_IRQHandler
                0x00000188                LLWU_IRQHandler
                0x00000190                I2C0_IRQHandler
                0x00000198                I2C1_IRQHandler
                0x000001a0                SPI0_IRQHandler
                0x000001a8                SPI1_IRQHandler
                0x000001b8                UART1_IRQHandler
                0x000001c0                UART2_IRQHandler
                0x000001c8                ADC0_IRQHandler
                0x000001d0                CMP0_IRQHandler
                0x000001d8                TPM0_IRQHandler
                0x000001e0                TPM1_IRQHandler
                0x000001e8                TPM2_IRQHandler
                0x000001f0                RTC_IRQHandler
                0x000001f8                RTC_Seconds_IRQHandler
                0x00000200                PIT_IRQHandler
                0x00000208                Reserved39_IRQHandler
                0x00000210                USB0_IRQHandler
                0x00000218                DAC0_IRQHandler
                0x00000220                TSI0_IRQHandler
                0x00000228                MCG_IRQHandler
                0x00000230                LPTMR0_IRQHandler
                0x00000238                Reserved45_IRQHandler
                0x00000240                PORTA_IRQHandler
                0x00000248                PORTD_IRQHandler
                0x00000400                . = 0x400
 *fill*         0x00000250      0x1b0 ff
                0x00000400                PROVIDE (__FLASH_CONFIG_START__ = .)
 *(.FlashConfig)
 .FlashConfig   0x00000400       0x10 ./debug/startup_mkl25z4.o
                0x00000400                Flash_Config
                0x00000410                PROVIDE (__FLASH_CONFIG_END__ = .)
                0x00000001                ASSERT (! ((__FLASH_CONFIG_START__ == __FLASH_CONFIG_END__)), Linker Flash Config Support Enabled, but no .FlashConfig section provided within application)
 *(.text*)
 .text.NVIC_DisableIRQ
                0x00000410       0x30 ./debug/PES_Project_5.o
 .text.DisableIRQ
                0x00000440       0x2c ./debug/PES_Project_5.o
 .text.main     0x0000046c       0x40 ./debug/PES_Project_5.o
                0x0000046c                main
 .text.UART0_IRQHandler
                0x000004ac       0x1c ./debug/PES_Project_5.o
                0x000004ac                UART0_IRQHandler
 .text.log_Level
                0x000004c8       0x4c ./debug/logger.o
                0x000004c8                log_Level
 .text.log_Str  0x00000514      0x130 ./debug/logger.o
                0x00000514                log_Str
 .text.log_Int  0x00000644       0x18 ./debug/logger.o
                0x00000644                log_Int
 .text.log_Char
                0x0000065c       0x1e ./debug/logger.o
                0x0000065c                log_Char
 .text.log_string
                0x0000067a       0x18 ./debug/logger.o
                0x0000067a                log_string
 .text.buf_reset
                0x00000692       0x22 ./debug/circular_buffer.o
                0x00000692                buf_reset
 .text.buf_init
                0x000006b4       0x38 ./debug/circular_buffer.o
                0x000006b4                buf_init
 .text.buf_verify
                0x000006ec       0x1c ./debug/circular_buffer.o
                0x000006ec                buf_verify
 .text.ptr_validity
                0x00000708       0x1c ./debug/circular_buffer.o
                0x00000708                ptr_validity
 .text.buf_free
                0x00000724       0x24 ./debug/circular_buffer.o
                0x00000724                buf_free
 .text.buf_full
                0x00000748       0x14 ./debug/circular_buffer.o
                0x00000748                buf_full
 .text.buf_empty
                0x0000075c       0x38 ./debug/circular_buffer.o
                0x0000075c                buf_empty
 .text.inc_ptr  0x00000794       0x60 ./debug/circular_buffer.o
                0x00000794                inc_ptr
 .text.dec_ptr  0x000007f4       0x30 ./debug/circular_buffer.o
                0x000007f4                dec_ptr
 .text.buf_write
                0x00000824       0x4a ./debug/circular_buffer.o
                0x00000824                buf_write
 .text.buf_read
                0x0000086e       0x46 ./debug/circular_buffer.o
                0x0000086e                buf_read
 .text.NVIC_EnableIRQ
                0x000008b4       0x2c ./debug/uart.o
 .text.NVIC_ClearPendingIRQ
                0x000008e0       0x30 ./debug/uart.o
 .text.NVIC_SetPriority
                0x00000910       0xdc ./debug/uart.o
 .text.Init_UART0_Interrupt
                0x000009ec      0x184 ./debug/uart.o
                0x000009ec                Init_UART0_Interrupt
 .text.UART0_Transmit_Ready
                0x00000b70       0x38 ./debug/uart.o
                0x00000b70                UART0_Transmit_Ready
 .text.UART0_Transmit_Char
                0x00000ba8       0x20 ./debug/uart.o
                0x00000ba8                UART0_Transmit_Char
 .text.UART0_Transmit
                0x00000bc8       0x4c ./debug/uart.o
                0x00000bc8                UART0_Transmit
 .text.UART0_Receive_Ready
                0x00000c14       0x38 ./debug/uart.o
                0x00000c14                UART0_Receive_Ready
 .text.UART0_Receive_Char
                0x00000c4c       0x20 ./debug/uart.o
                0x00000c4c                UART0_Receive_Char
 .text.UART0_Receive
                0x00000c6c       0x50 ./debug/uart.o
                0x00000c6c                UART0_Receive
 .text.UART0_Transmit_String
                0x00000cbc       0x46 ./debug/uart.o
                0x00000cbc                UART0_Transmit_String
 .text.UART0_Transmit_Number
                0x00000d02       0x9c ./debug/uart.o
                0x00000d02                UART0_Transmit_Number
 *fill*         0x00000d9e        0x2 ff
 .text.NVIC_SetPriority
                0x00000da0       0xdc ./debug/systick.o
 .text.Init_Systick
                0x00000e7c       0x30 ./debug/systick.o
                0x00000e7c                Init_Systick
 .text.SysTick_Handler
                0x00000eac       0x74 ./debug/systick.o
                0x00000eac                SysTick_Handler
 .text.Print_Timestamp
                0x00000f20       0x54 ./debug/systick.o
                0x00000f20                Print_Timestamp
 .text.GPIO_WritePinOutput
                0x00000f74       0x34 ./debug/led.o
 .text.GPIO_SetPinsOutput
                0x00000fa8       0x18 ./debug/led.o
 .text.GPIO_ClearPinsOutput
                0x00000fc0       0x18 ./debug/led.o
 .text.led_init
                0x00000fd8       0x60 ./debug/led.o
                0x00000fd8                led_init
 .text.green_on
                0x00001038       0x1c ./debug/led.o
                0x00001038                green_on
 .text.green_off
                0x00001054       0x1c ./debug/led.o
                0x00001054                green_off
 .text.red_on   0x00001070       0x1c ./debug/led.o
                0x00001070                red_on
 .text.red_off  0x0000108c       0x1c ./debug/led.o
                0x0000108c                red_off
 .text.blue_on  0x000010a8       0x18 ./debug/led.o
                0x000010a8                blue_on
 .text.blue_off
                0x000010c0       0x18 ./debug/led.o
                0x000010c0                blue_off
 .text.test     0x000010d8     0x1664 ./debug/unit_test.o
                0x000010d8                test
 .text.System_exit
                0x0000273c        0xc ./debug/System.o
                0x0000273c                System_exit
 .text.System_Init
                0x00002748       0x1c ./debug/System.o
                0x00002748                System_Init
 .text.System_Shutdown
                0x00002764       0x20 ./debug/System.o
                0x00002764                System_Shutdown
 .text.System_Safestate
                0x00002784       0x20 ./debug/System.o
                0x00002784                System_Safestate
 .text.System_WriteString
                0x000027a4       0x1c ./debug/System.o
                0x000027a4                System_WriteString
 .text.System_LogString
                0x000027c0       0x18 ./debug/System.o
                0x000027c0                System_LogString
 .text.System_WriteInt
                0x000027d8       0x18 ./debug/System.o
                0x000027d8                System_WriteInt
 .text.SystemInit
                0x000027f0       0x18 ./debug/system_MKL25Z4.o
                0x000027f0                SystemInit
 .text.CLOCK_SetLpsci0Clock
                0x00002808       0x38 ./debug/board.o
 .text.BOARD_InitDebugConsole
                0x00002840       0x30 ./debug/board.o
                0x00002840                BOARD_InitDebugConsole
 .text.CLOCK_SetSimSafeDivs
                0x00002870       0x20 ./debug/clock_config.o
 .text.CLOCK_SetXtal0Freq
                0x00002890       0x1c ./debug/clock_config.o
 .text.CLOCK_CONFIG_SetFllExtRefDiv
                0x000028ac       0x3c ./debug/clock_config.o
 .text.BOARD_InitBootClocks
                0x000028e8        0xe ./debug/clock_config.o
                0x000028e8                BOARD_InitBootClocks
 *fill*         0x000028f6        0x2 ff
 .text.BOARD_BootClockRUN
                0x000028f8       0x64 ./debug/clock_config.o
                0x000028f8                BOARD_BootClockRUN
 .text.BOARD_InitBootPeripherals
                0x0000295c        0xa ./debug/peripherals.o
                0x0000295c                BOARD_InitBootPeripherals
 *fill*         0x00002966        0x2 ff
 .text.CLOCK_EnableClock
                0x00002968       0x34 ./debug/pin_mux.o
 .text.PORT_SetPinMux
                0x0000299c       0x40 ./debug/pin_mux.o
 .text.BOARD_InitBootPins
                0x000029dc        0xe ./debug/pin_mux.o
                0x000029dc                BOARD_InitBootPins
 *fill*         0x000029ea        0x2 ff
 .text.BOARD_InitPins
                0x000029ec       0x90 ./debug/pin_mux.o
                0x000029ec                BOARD_InitPins
 .text.CLOCK_SetEr32kClock
                0x00002a7c       0x34 ./debug/fsl_clock.o
 .text.CLOCK_SetPllFllSelClock
                0x00002ab0       0x38 ./debug/fsl_clock.o
 .text.OSC_SetExtRefClkConfig
                0x00002ae8       0x3e ./debug/fsl_clock.o
 .text.OSC_SetCapLoad
                0x00002b26       0x42 ./debug/fsl_clock.o
 .text.CLOCK_GetMcgExtClkFreq
                0x00002b68       0x28 ./debug/fsl_clock.o
 .text.CLOCK_GetFllExtRefClkFreq
                0x00002b90       0xa4 ./debug/fsl_clock.o
 .text.CLOCK_GetFllRefClkFreq
                0x00002c34       0x2c ./debug/fsl_clock.o
 .text.CLOCK_GetPll0RefFreq
                0x00002c60       0x10 ./debug/fsl_clock.o
 .text.CLOCK_GetOscRangeFromFreq
                0x00002c70       0x4c ./debug/fsl_clock.o
 .text.CLOCK_GetPllFllSelClkFreq
                0x00002cbc       0x4c ./debug/fsl_clock.o
                0x00002cbc                CLOCK_GetPllFllSelClkFreq
 .text.CLOCK_SetSimConfig
                0x00002d08       0x38 ./debug/fsl_clock.o
                0x00002d08                CLOCK_SetSimConfig
 .text.CLOCK_GetFllFreq
                0x00002d40       0x84 ./debug/fsl_clock.o
                0x00002d40                CLOCK_GetFllFreq
 .text.CLOCK_GetPll0Freq
                0x00002dc4       0x70 ./debug/fsl_clock.o
                0x00002dc4                CLOCK_GetPll0Freq
 .text.CLOCK_SetExternalRefClkConfig
                0x00002e34       0x16 ./debug/fsl_clock.o
                0x00002e34                CLOCK_SetExternalRefClkConfig
 *fill*         0x00002e4a        0x2 ff
 .text.CLOCK_SetInternalRefClkConfig
                0x00002e4c      0x124 ./debug/fsl_clock.o
                0x00002e4c                CLOCK_SetInternalRefClkConfig
 .text.CLOCK_EnablePll0
                0x00002f70       0x90 ./debug/fsl_clock.o
                0x00002f70                CLOCK_EnablePll0
 .text.CLOCK_InitOsc0
                0x00003000       0x94 ./debug/fsl_clock.o
                0x00003000                CLOCK_InitOsc0
 .text.CLOCK_SetPbeMode
                0x00003094       0xb0 ./debug/fsl_clock.o
                0x00003094                CLOCK_SetPbeMode
 .text.CLOCK_BootToPeeMode
                0x00003144       0x70 ./debug/fsl_clock.o
                0x00003144                CLOCK_BootToPeeMode
 .text.__assertion_failed
                0x000031b4       0x1c ./debug/fsl_common.o
                0x000031b4                __assertion_failed
 .text.CLOCK_EnableClock
                0x000031d0       0x34 ./debug/fsl_lpsci.o
 .text.LPSCI_GetInstance
                0x00003204       0x48 ./debug/fsl_lpsci.o
                0x00003204                LPSCI_GetInstance
 .text.LPSCI_Init
                0x0000324c      0x258 ./debug/fsl_lpsci.o
                0x0000324c                LPSCI_Init
 .text.LPSCI_GetDefaultConfig
                0x000034a4       0x44 ./debug/fsl_lpsci.o
                0x000034a4                LPSCI_GetDefaultConfig
 .text.LPSCI_GetStatusFlags
                0x000034e8       0x26 ./debug/fsl_lpsci.o
                0x000034e8                LPSCI_GetStatusFlags
 *fill*         0x0000350e        0x2 ff
 .text.LPSCI_ClearStatusFlags
                0x00003510       0x94 ./debug/fsl_lpsci.o
                0x00003510                LPSCI_ClearStatusFlags
 .text.LPSCI_WriteBlocking
                0x000035a4       0x4c ./debug/fsl_lpsci.o
                0x000035a4                LPSCI_WriteBlocking
 .text.LPSCI_ReadBlocking
                0x000035f0       0xc0 ./debug/fsl_lpsci.o
                0x000035f0                LPSCI_ReadBlocking
 .text.UART0_DriverIRQHandler
                0x000036b0       0x24 ./debug/fsl_lpsci.o
                0x000036b0                UART0_DriverIRQHandler
 .text.CLOCK_EnableClock
                0x000036d4       0x34 ./debug/fsl_uart.o
 .text.UART_GetInstance
                0x00003708       0x54 ./debug/fsl_uart.o
                0x00003708                UART_GetInstance
 .text.UART_Init
                0x0000375c      0x1e0 ./debug/fsl_uart.o
                0x0000375c                UART_Init
 .text.UART_GetDefaultConfig
                0x0000393c       0x44 ./debug/fsl_uart.o
                0x0000393c                UART_GetDefaultConfig
 .text.UART_GetStatusFlags
                0x00003980       0x26 ./debug/fsl_uart.o
                0x00003980                UART_GetStatusFlags
 .text.UART_WriteBlocking
                0x000039a6       0x3a ./debug/fsl_uart.o
                0x000039a6                UART_WriteBlocking
 .text.UART_ReadBlocking
                0x000039e0       0x98 ./debug/fsl_uart.o
                0x000039e0                UART_ReadBlocking
 .text.UART1_DriverIRQHandler
                0x00003a78       0x24 ./debug/fsl_uart.o
                0x00003a78                UART1_DriverIRQHandler
 .text.UART2_DriverIRQHandler
                0x00003a9c       0x24 ./debug/fsl_uart.o
                0x00003a9c                UART2_DriverIRQHandler
 .text.UART_EnableTx
                0x00003ac0       0x40 ./debug/fsl_debug_console.o
 .text.UART_EnableRx
                0x00003b00       0x40 ./debug/fsl_debug_console.o
 .text.LPSCI_EnableTx
                0x00003b40       0x40 ./debug/fsl_debug_console.o
 .text.LPSCI_EnableRx
                0x00003b80       0x40 ./debug/fsl_debug_console.o
 .text.DbgConsole_Init
                0x00003bc0       0xf0 ./debug/fsl_debug_console.o
                0x00003bc0                DbgConsole_Init
 .text.DbgConsole_Printf
                0x00003cb0       0x44 ./debug/fsl_debug_console.o
                0x00003cb0                DbgConsole_Printf
 .text.DbgConsole_Putchar
                0x00003cf4       0x34 ./debug/fsl_debug_console.o
                0x00003cf4                DbgConsole_Putchar
 .text.DbgConsole_PrintfPaddingCharacter
                0x00003d28       0x46 ./debug/fsl_debug_console.o
 .text.DbgConsole_ConvertRadixNumToString
                0x00003d6e      0x114 ./debug/fsl_debug_console.o
 .text.DbgConsole_PrintfFormattedData
                0x00003e82      0x336 ./debug/fsl_debug_console.o
 .text.__main   0x000041b8        0xc c:/nxp/mcuxpressoide_11.0.0_2516/ide/plugins/com.nxp.mcuxpresso.tools.win32_11.0.0.201905131304/tools/bin/../lib/gcc/arm-none-eabi/8.2.1/../../../../arm-none-eabi/lib/thumb/v6-m/nofp\libcr_semihost_nf.a(_cr__main.o)
                0x000041b8                __CR_SEMIHOST
                0x000041b8                __main
 .text.memset   0x000041c4        0x8 c:/nxp/mcuxpressoide_11.0.0_2516/ide/plugins/com.nxp.mcuxpresso.tools.win32_11.0.0.201905131304/tools/bin/../lib/gcc/arm-none-eabi/8.2.1/../../../../arm-none-eabi/lib/thumb/v6-m/nofp\libcr_c.a(memset.o)
                0x000041c4                memset
 .text.malloc   0x000041cc       0xcc c:/nxp/mcuxpressoide_11.0.0_2516/ide/plugins/com.nxp.mcuxpresso.tools.win32_11.0.0.201905131304/tools/bin/../lib/gcc/arm-none-eabi/8.2.1/../../../../arm-none-eabi/lib/thumb/v6-m/nofp\libcr_c.a(alloc.o)
                0x000041cc                malloc
 .text.free     0x00004298       0x2c c:/nxp/mcuxpressoide_11.0.0_2516/ide/plugins/com.nxp.mcuxpresso.tools.win32_11.0.0.201905131304/tools/bin/../lib/gcc/arm-none-eabi/8.2.1/../../../../arm-none-eabi/lib/thumb/v6-m/nofp\libcr_c.a(alloc.o)
                0x00004298                free
 .text._initio  0x000042c4       0x7c c:/nxp/mcuxpressoide_11.0.0_2516/ide/plugins/com.nxp.mcuxpresso.tools.win32_11.0.0.201905131304/tools/bin/../lib/gcc/arm-none-eabi/8.2.1/../../../../arm-none-eabi/lib/thumb/v6-m/nofp\libcr_c.a(initio.o)
                0x000042c4                _initio
 .text.setvbuf  0x00004340       0x4c c:/nxp/mcuxpressoide_11.0.0_2516/ide/plugins/com.nxp.mcuxpresso.tools.win32_11.0.0.201905131304/tools/bin/../lib/gcc/arm-none-eabi/8.2.1/../../../../arm-none-eabi/lib/thumb/v6-m/nofp\libcr_c.a(setvbuf.o)
                0x00004340                setvbuf
 .text.strlen   0x0000438c       0x58 c:/nxp/mcuxpressoide_11.0.0_2516/ide/plugins/com.nxp.mcuxpresso.tools.win32_11.0.0.201905131304/tools/bin/../lib/gcc/arm-none-eabi/8.2.1/../../../../arm-none-eabi/lib/thumb/v6-m/nofp\libcr_c.a(strlen.o)
                0x0000438c                strlen
 .text._sbrk    0x000043e4       0x40 c:/nxp/mcuxpressoide_11.0.0_2516/ide/plugins/com.nxp.mcuxpresso.tools.win32_11.0.0.201905131304/tools/bin/../lib/gcc/arm-none-eabi/8.2.1/../../../../arm-none-eabi/lib/thumb/v6-m/nofp\libcr_c.a(_cr_sbrk.o)
                0x000043e4                _sbrk
 .text._fdopen  0x00004424       0x74 c:/nxp/mcuxpressoide_11.0.0_2516/ide/plugins/com.nxp.mcuxpresso.tools.win32_11.0.0.201905131304/tools/bin/../lib/gcc/arm-none-eabi/8.2.1/../../../../arm-none-eabi/lib/thumb/v6-m/nofp\libcr_c.a(_fdopen.o)
                0x00004424                _fdopen
 .text.fclose   0x00004498       0x5c c:/nxp/mcuxpressoide_11.0.0_2516/ide/plugins/com.nxp.mcuxpresso.tools.win32_11.0.0.201905131304/tools/bin/../lib/gcc/arm-none-eabi/8.2.1/../../../../arm-none-eabi/lib/thumb/v6-m/nofp\libcr_c.a(fclose.o)
                0x00004498                fclose
 .text.fflush   0x000044f4       0x44 c:/nxp/mcuxpressoide_11.0.0_2516/ide/plugins/com.nxp.mcuxpresso.tools.win32_11.0.0.201905131304/tools/bin/../lib/gcc/arm-none-eabi/8.2.1/../../../../arm-none-eabi/lib/thumb/v6-m/nofp\libcr_c.a(fflush.o)
                0x000044f4                fflush
 .text.fseek    0x00004538       0xf0 c:/nxp/mcuxpressoide_11.0.0_2516/ide/plugins/com.nxp.mcuxpresso.tools.win32_11.0.0.201905131304/tools/bin/../lib/gcc/arm-none-eabi/8.2.1/../../../../arm-none-eabi/lib/thumb/v6-m/nofp\libcr_c.a(fseek.o)
                0x00004538                fseek
 .text.ftell    0x00004628       0x48 c:/nxp/mcuxpressoide_11.0.0_2516/ide/plugins/com.nxp.mcuxpresso.tools.win32_11.0.0.201905131304/tools/bin/../lib/gcc/arm-none-eabi/8.2.1/../../../../arm-none-eabi/lib/thumb/v6-m/nofp\libcr_c.a(ftell.o)
                0x00004628                ftell
 .text.remove   0x00004670       0x12 c:/nxp/mcuxpressoide_11.0.0_2516/ide/plugins/com.nxp.mcuxpresso.tools.win32_11.0.0.201905131304/tools/bin/../lib/gcc/arm-none-eabi/8.2.1/../../../../arm-none-eabi/lib/thumb/v6-m/nofp\libcr_c.a(remove.o)
                0x00004670                remove
 *fill*         0x00004682        0x2 ff
 .text.__check_heap_overflow
                0x00004684       0x14 c:/nxp/mcuxpressoide_11.0.0_2516/ide/plugins/com.nxp.mcuxpresso.tools.win32_11.0.0.201905131304/tools/bin/../lib/gcc/arm-none-eabi/8.2.1/../../../../arm-none-eabi/lib/thumb/v6-m/nofp\libcr_c.a(_cr_check_heap.o)
                0x00004684                __check_heap_overflow
 .text._do_fflush
                0x00004698       0x44 c:/nxp/mcuxpressoide_11.0.0_2516/ide/plugins/com.nxp.mcuxpresso.tools.win32_11.0.0.201905131304/tools/bin/../lib/gcc/arm-none-eabi/8.2.1/../../../../arm-none-eabi/lib/thumb/v6-m/nofp\libcr_c.a(_do_fflush.o)
                0x00004698                _do_fflush
 .text._fflush  0x000046dc       0x5c c:/nxp/mcuxpressoide_11.0.0_2516/ide/plugins/com.nxp.mcuxpresso.tools.win32_11.0.0.201905131304/tools/bin/../lib/gcc/arm-none-eabi/8.2.1/../../../../arm-none-eabi/lib/thumb/v6-m/nofp\libcr_c.a(_fflush.o)
                0x000046dc                _fflush
 .text._Cwritebuf
                0x00004738       0x68 c:/nxp/mcuxpressoide_11.0.0_2516/ide/plugins/com.nxp.mcuxpresso.tools.win32_11.0.0.201905131304/tools/bin/../lib/gcc/arm-none-eabi/8.2.1/../../../../arm-none-eabi/lib/thumb/v6-m/nofp\libcr_c.a(_writebuf.o)
                0x00004738                _Cwritebuf
 .text._deferredlazyseek
                0x000047a0       0x40 c:/nxp/mcuxpressoide_11.0.0_2516/ide/plugins/com.nxp.mcuxpresso.tools.win32_11.0.0.201905131304/tools/bin/../lib/gcc/arm-none-eabi/8.2.1/../../../../arm-none-eabi/lib/thumb/v6-m/nofp\libcr_c.a(_deferredlazyseek.o)
                0x000047a0                _deferredlazyseek
 .text.__aeabi_division_idivmod
                0x000047e0       0x78 c:/nxp/mcuxpressoide_11.0.0_2516/ide/plugins/com.nxp.mcuxpresso.tools.win32_11.0.0.201905131304/tools/bin/../lib/gcc/arm-none-eabi/8.2.1/thumb/v6-m/nofp\libcr_eabihelpers.a(division_32.o)
                0x000047e0                __aeabi_idivmod
                0x000047e0                __aeabi_idiv
                0x000047e6                __aeabi_uidivmod
                0x000047e6                __aeabi_uidiv
 .text.__aeabi_division_idiv0
                0x00004858        0x2 c:/nxp/mcuxpressoide_11.0.0_2516/ide/plugins/com.nxp.mcuxpresso.tools.win32_11.0.0.201905131304/tools/bin/../lib/gcc/arm-none-eabi/8.2.1/thumb/v6-m/nofp\libcr_eabihelpers.a(division_idiv0.o)
                0x00004858                __aeabi_idiv0
 *fill*         0x0000485a        0x2 ff
 .text.__aeabi_ddiv
                0x0000485c      0x148 c:/nxp/mcuxpressoide_11.0.0_2516/ide/plugins/com.nxp.mcuxpresso.tools.win32_11.0.0.201905131304/tools/bin/../lib/gcc/arm-none-eabi/8.2.1/thumb/v6-m/nofp\libcr_eabihelpers.a(double.o)
                0x0000485c                __aeabi_ddiv
 .text.__aeabi_d2uiz
                0x000049a4       0x34 c:/nxp/mcuxpressoide_11.0.0_2516/ide/plugins/com.nxp.mcuxpresso.tools.win32_11.0.0.201905131304/tools/bin/../lib/gcc/arm-none-eabi/8.2.1/thumb/v6-m/nofp\libcr_eabihelpers.a(double.o)
                0x000049a4                __aeabi_d2uiz
 .text.__bhs_ui2d
                0x000049d8       0x5e c:/nxp/mcuxpressoide_11.0.0_2516/ide/plugins/com.nxp.mcuxpresso.tools.win32_11.0.0.201905131304/tools/bin/../lib/gcc/arm-none-eabi/8.2.1/thumb/v6-m/nofp\libcr_eabihelpers.a(double.o)
                0x000049d8                __bhs_ui2d
 .text.__aeabi_ui2d
                0x00004a36        0xc c:/nxp/mcuxpressoide_11.0.0_2516/ide/plugins/com.nxp.mcuxpresso.tools.win32_11.0.0.201905131304/tools/bin/../lib/gcc/arm-none-eabi/8.2.1/thumb/v6-m/nofp\libcr_eabihelpers.a(double.o)
                0x00004a36                __aeabi_ui2d
 .text.__aeabi_memset_lowlevel
                0x00004a42       0x2a c:/nxp/mcuxpressoide_11.0.0_2516/ide/plugins/com.nxp.mcuxpresso.tools.win32_11.0.0.201905131304/tools/bin/../lib/gcc/arm-none-eabi/8.2.1/thumb/v6-m/nofp\libcr_eabihelpers.a(memcpy.o)
                0x00004a42                __aeabi_lowlevel_memset
 .text.__sys_close
                0x00004a6c        0xc c:/nxp/mcuxpressoide_11.0.0_2516/ide/plugins/com.nxp.mcuxpresso.tools.win32_11.0.0.201905131304/tools/bin/../lib/gcc/arm-none-eabi/8.2.1/../../../../arm-none-eabi/lib/thumb/v6-m/nofp\libcr_semihost_nf.a(__sys_close.o)
                0x00004a6c                __sys_close
 .text.__sys_flen
                0x00004a78        0xc c:/nxp/mcuxpressoide_11.0.0_2516/ide/plugins/com.nxp.mcuxpresso.tools.win32_11.0.0.201905131304/tools/bin/../lib/gcc/arm-none-eabi/8.2.1/../../../../arm-none-eabi/lib/thumb/v6-m/nofp\libcr_semihost_nf.a(__sys_flen.o)
                0x00004a78                __sys_flen
 .text.__sys_istty
                0x00004a84        0xc c:/nxp/mcuxpressoide_11.0.0_2516/ide/plugins/com.nxp.mcuxpresso.tools.win32_11.0.0.201905131304/tools/bin/../lib/gcc/arm-none-eabi/8.2.1/../../../../arm-none-eabi/lib/thumb/v6-m/nofp\libcr_semihost_nf.a(__sys_istty.o)
                0x00004a84                __sys_istty
 .text.__sys_remove
                0x00004a90        0xc c:/nxp/mcuxpressoide_11.0.0_2516/ide/plugins/com.nxp.mcuxpresso.tools.win32_11.0.0.201905131304/tools/bin/../lib/gcc/arm-none-eabi/8.2.1/../../../../arm-none-eabi/lib/thumb/v6-m/nofp\libcr_semihost_nf.a(__sys_remove.o)
                0x00004a90                __sys_remove
 .text.__sys_seek
                0x00004a9c        0xc c:/nxp/mcuxpressoide_11.0.0_2516/ide/plugins/com.nxp.mcuxpresso.tools.win32_11.0.0.201905131304/tools/bin/../lib/gcc/arm-none-eabi/8.2.1/../../../../arm-none-eabi/lib/thumb/v6-m/nofp\libcr_semihost_nf.a(__sys_seek.o)
                0x00004a9c                __sys_seek
 .text.__sys_tmpnam
                0x00004aa8        0xc c:/nxp/mcuxpressoide_11.0.0_2516/ide/plugins/com.nxp.mcuxpresso.tools.win32_11.0.0.201905131304/tools/bin/../lib/gcc/arm-none-eabi/8.2.1/../../../../arm-none-eabi/lib/thumb/v6-m/nofp\libcr_semihost_nf.a(__sys_tmpnam.o)
                0x00004aa8                __sys_tmpnam
 .text.__sys_write
                0x00004ab4        0xc c:/nxp/mcuxpressoide_11.0.0_2516/ide/plugins/com.nxp.mcuxpresso.tools.win32_11.0.0.201905131304/tools/bin/../lib/gcc/arm-none-eabi/8.2.1/../../../../arm-none-eabi/lib/thumb/v6-m/nofp\libcr_semihost_nf.a(__sys_write.o)
                0x00004ab4                __sys_write
 *(.rodata .rodata.* .constdata .constdata.*)
 .rodata        0x00004ac0      0x101 ./debug/logger.o
 *fill*         0x00004bc1        0x3 ff
 .rodata        0x00004bc4       0x65 ./debug/uart.o
 *fill*         0x00004c29        0x3 ff
 .rodata        0x00004c2c      0x54c ./debug/unit_test.o
 .rodata        0x00005178       0x5f ./debug/System.o
 *fill*         0x000051d7        0x1 ff
 .rodata.mcgConfig_BOARD_BootClockRUN
                0x000051d8        0xa ./debug/clock_config.o
                0x000051d8                mcgConfig_BOARD_BootClockRUN
 *fill*         0x000051e2        0x2 ff
 .rodata.simConfig_BOARD_BootClockRUN
                0x000051e4        0x8 ./debug/clock_config.o
                0x000051e4                simConfig_BOARD_BootClockRUN
 .rodata.oscConfig_BOARD_BootClockRUN
                0x000051ec        0x8 ./debug/clock_config.o
                0x000051ec                oscConfig_BOARD_BootClockRUN
 .rodata        0x000051f4      0x10a ./debug/fsl_clock.o
 *fill*         0x000052fe        0x2 ff
 .rodata.fllFactorTable.5230
                0x00005300       0x10 ./debug/fsl_clock.o
 .rodata        0x00005310        0x4 ./debug/fsl_common.o
 .rodata        0x00005314      0x45d ./debug/fsl_lpsci.o
 *fill*         0x00005771        0x3 ff
 .rodata.s_uartBases
                0x00005774        0xc ./debug/fsl_uart.o
 .rodata.s_uartClock
                0x00005780        0xc ./debug/fsl_uart.o
 .rodata        0x0000578c      0x3e8 ./debug/fsl_uart.o
 .rodata._initio.str1.1
                0x00005b74        0x4 c:/nxp/mcuxpressoide_11.0.0_2516/ide/plugins/com.nxp.mcuxpresso.tools.win32_11.0.0.201905131304/tools/bin/../lib/gcc/arm-none-eabi/8.2.1/../../../../arm-none-eabi/lib/thumb/v6-m/nofp\libcr_c.a(initio.o)
 .rodata.__num_Ciob_streams
                0x00005b78        0x4 c:/nxp/mcuxpressoide_11.0.0_2516/ide/plugins/com.nxp.mcuxpresso.tools.win32_11.0.0.201905131304/tools/bin/../lib/gcc/arm-none-eabi/8.2.1/../../../../arm-none-eabi/lib/thumb/v6-m/nofp\libcr_semihost_nf.a(__ciob.o)
                0x00005b78                __num_Ciob_streams
                0x00005b7c                . = ALIGN (0x4)

.glue_7         0x00005b7c        0x0
 .glue_7        0x00005b7c        0x0 linker stubs

.glue_7t        0x00005b7c        0x0
 .glue_7t       0x00005b7c        0x0 linker stubs

.vfp11_veneer   0x00005b7c        0x0
 .vfp11_veneer  0x00005b7c        0x0 linker stubs

.v4_bx          0x00005b7c        0x0
 .v4_bx         0x00005b7c        0x0 linker stubs

.iplt           0x00005b7c        0x0
 .iplt          0x00005b7c        0x0 ./debug/PES_Project_5.o

.rel.dyn        0x00005b7c        0x0
 .rel.iplt      0x00005b7c        0x0 ./debug/PES_Project_5.o

.ARM.extab
 *(.ARM.extab* .gnu.linkonce.armextab.*)
                0x00005b7c                __exidx_start = .

.ARM.exidx
 *(.ARM.exidx* .gnu.linkonce.armexidx.*)
                0x00005b7c                __exidx_end = .
                0x00005b7c                _etext = .

.m_usb_data
 *(m_usb_bdt)

.mtb_buffer_default
 *(.mtb*)

.uninit_RESERVED
                0x1ffff000        0x0
 *(.bss.$RESERVED*)
                0x1ffff000                . = ALIGN (0x4)
                0x1ffff000                _end_uninit_RESERVED = .

.data           0x1ffff000        0x8 load address 0x00005b7c
 FILL mask 0xff
                0x1ffff000                _data = .
 *(vtable)
 *(.ramfunc*)
 *(.data*)
 .data.SystemCoreClock
                0x1ffff000        0x4 ./debug/system_MKL25Z4.o
                0x1ffff000                SystemCoreClock
 .data.s_slowIrcFreq
                0x1ffff004        0x4 ./debug/fsl_clock.o
                0x1ffff008                . = ALIGN (0x4)
                0x1ffff008                _edata = .

.igot.plt       0x1ffff008        0x0 load address 0x00005b84
 .igot.plt      0x1ffff008        0x0 ./debug/PES_Project_5.o

.bss            0x1ffff008      0x114 load address 0x00005b84
                0x1ffff008                _bss = .
 *(.bss*)
 .bss.c_buf     0x1ffff008        0x4 ./debug/PES_Project_5.o
                0x1ffff008                c_buf
 .bss.interrupt_flag
                0x1ffff00c        0x1 ./debug/PES_Project_5.o
                0x1ffff00c                interrupt_flag
 .bss.hour      0x1ffff00d        0x1 ./debug/systick.o
                0x1ffff00d                hour
 .bss.minute    0x1ffff00e        0x1 ./debug/systick.o
                0x1ffff00e                minute
 .bss.second    0x1ffff00f        0x1 ./debug/systick.o
                0x1ffff00f                second
 .bss.n         0x1ffff010        0x1 ./debug/systick.o
                0x1ffff010                n
 *fill*         0x1ffff011        0x3 
 .bss.ucunit_checks_failed
                0x1ffff014        0x4 ./debug/unit_test.o
 .bss.ucunit_checks_passed
                0x1ffff018        0x4 ./debug/unit_test.o
 .bss.ucunit_testcases_failed
                0x1ffff01c        0x4 ./debug/unit_test.o
 .bss.ucunit_testcases_passed
                0x1ffff020        0x4 ./debug/unit_test.o
 .bss.ucunit_testcases_failed_checks
                0x1ffff024        0x4 ./debug/unit_test.o
 .bss.ucunit_checklist_failed_checks
                0x1ffff028        0x4 ./debug/unit_test.o
 .bss.ucunit_action
                0x1ffff02c        0x4 ./debug/unit_test.o
 .bss.g_xtal0Freq
                0x1ffff030        0x4 ./debug/fsl_clock.o
                0x1ffff030                g_xtal0Freq
 .bss.s_lpsciHandle
                0x1ffff034        0x4 ./debug/fsl_lpsci.o
 .bss.s_lpsciIsr
                0x1ffff038        0x4 ./debug/fsl_lpsci.o
 .bss.s_uartHandle
                0x1ffff03c        0xc ./debug/fsl_uart.o
 .bss.s_uartIsr
                0x1ffff048        0x4 ./debug/fsl_uart.o
 .bss.s_debugConsole
                0x1ffff04c       0x10 ./debug/fsl_debug_console.o
 .bss.__end_of_heap
                0x1ffff05c        0x4 c:/nxp/mcuxpressoide_11.0.0_2516/ide/plugins/com.nxp.mcuxpresso.tools.win32_11.0.0.201905131304/tools/bin/../lib/gcc/arm-none-eabi/8.2.1/../../../../arm-none-eabi/lib/thumb/v6-m/nofp\libcr_c.a(__init_alloc.o)
                0x1ffff05c                __end_of_heap
 .bss.__heaps   0x1ffff060        0x4 c:/nxp/mcuxpressoide_11.0.0_2516/ide/plugins/com.nxp.mcuxpresso.tools.win32_11.0.0.201905131304/tools/bin/../lib/gcc/arm-none-eabi/8.2.1/../../../../arm-none-eabi/lib/thumb/v6-m/nofp\libcr_c.a(__init_alloc.o)
                0x1ffff060                __heaps
 .bss.errno     0x1ffff064        0x4 c:/nxp/mcuxpressoide_11.0.0_2516/ide/plugins/com.nxp.mcuxpresso.tools.win32_11.0.0.201905131304/tools/bin/../lib/gcc/arm-none-eabi/8.2.1/../../../../arm-none-eabi/lib/thumb/v6-m/nofp\libcr_c.a(errno.o)
                0x1ffff064                errno
 .bss.__Ciob    0x1ffff068       0xb4 c:/nxp/mcuxpressoide_11.0.0_2516/ide/plugins/com.nxp.mcuxpresso.tools.win32_11.0.0.201905131304/tools/bin/../lib/gcc/arm-none-eabi/8.2.1/../../../../arm-none-eabi/lib/thumb/v6-m/nofp\libcr_semihost_nf.a(__ciob.o)
                0x1ffff068                __Ciob
 *(COMMON)
                0x1ffff11c                . = ALIGN (0x4)
                0x1ffff11c                _ebss = .
                [!provide]                PROVIDE (end = .)

.noinit         0x1ffff11c        0x0 load address 0x00005b84
                0x1ffff11c                _noinit = .
 *(.noinit*)
                0x1ffff11c                . = ALIGN (0x4)
                0x1ffff11c                _end_noinit = .

.heap           0x1ffff11c      0x400 load address 0x00005b84
                0x1ffff11c                _pvHeapStart = .
                0x1ffff51c                . = (. + 0x400)
 *fill*         0x1ffff11c      0x400 
                0x1ffff51c                . = ALIGN (0x4)
                0x1ffff51c                _pvHeapLimit = .

.heap2stackfill
                0x1ffff51c      0x400 load address 0x00005b84
                0x1ffff91c                . = (. + 0x400)
 *fill*         0x1ffff51c      0x400 

.stack          0x20002c00        0x0
                0x20002c00                _vStackBase = .
                0x20002c00                . = ALIGN (0x4)
                0x20003000                _vStackTop = (. + 0x400)
OUTPUT(./debug/PES_Project_5.axf elf32-littlearm)

.debug_info     0x00000000     0xad5b
 .debug_info    0x00000000      0x9cf ./debug/PES_Project_5.o
 .debug_info    0x000009cf      0x275 ./debug/logger.o
 .debug_info    0x00000c44      0x501 ./debug/circular_buffer.o
 .debug_info    0x00001145      0xe78 ./debug/uart.o
 .debug_info    0x00001fbd      0x90a ./debug/systick.o
 .debug_info    0x000028c7      0x6a3 ./debug/led.o
 .debug_info    0x00002f6a      0x414 ./debug/unit_test.o
 .debug_info    0x0000337e      0x324 ./debug/System.o
 .debug_info    0x000036a2      0x4df ./debug/startup_mkl25z4.o
 .debug_info    0x00003b81      0x439 ./debug/system_MKL25Z4.o
 .debug_info    0x00003fba      0x6fa ./debug/board.o
 .debug_info    0x000046b4      0xafe ./debug/clock_config.o
 .debug_info    0x000051b2       0x3c ./debug/peripherals.o
 .debug_info    0x000051ee      0x5a3 ./debug/pin_mux.o
 .debug_info    0x00005791     0x1a97 ./debug/fsl_clock.o
 .debug_info    0x00007228      0x44e ./debug/fsl_common.o
 .debug_info    0x00007676     0x1469 ./debug/fsl_lpsci.o
 .debug_info    0x00008adf     0x140a ./debug/fsl_uart.o
 .debug_info    0x00009ee9      0xe72 ./debug/fsl_debug_console.o

.debug_abbrev   0x00000000     0x2504
 .debug_abbrev  0x00000000      0x234 ./debug/PES_Project_5.o
 .debug_abbrev  0x00000234      0x107 ./debug/logger.o
 .debug_abbrev  0x0000033b      0x17b ./debug/circular_buffer.o
 .debug_abbrev  0x000004b6      0x32d ./debug/uart.o
 .debug_abbrev  0x000007e3      0x1d8 ./debug/systick.o
 .debug_abbrev  0x000009bb      0x196 ./debug/led.o
 .debug_abbrev  0x00000b51      0x136 ./debug/unit_test.o
 .debug_abbrev  0x00000c87      0x128 ./debug/System.o
 .debug_abbrev  0x00000daf      0x18d ./debug/startup_mkl25z4.o
 .debug_abbrev  0x00000f3c      0x156 ./debug/system_MKL25Z4.o
 .debug_abbrev  0x00001092      0x185 ./debug/board.o
 .debug_abbrev  0x00001217      0x211 ./debug/clock_config.o
 .debug_abbrev  0x00001428       0x31 ./debug/peripherals.o
 .debug_abbrev  0x00001459      0x1bb ./debug/pin_mux.o
 .debug_abbrev  0x00001614      0x36f ./debug/fsl_clock.o
 .debug_abbrev  0x00001983      0x27e ./debug/fsl_common.o
 .debug_abbrev  0x00001c01      0x309 ./debug/fsl_lpsci.o
 .debug_abbrev  0x00001f0a      0x323 ./debug/fsl_uart.o
 .debug_abbrev  0x0000222d      0x2d7 ./debug/fsl_debug_console.o

.debug_aranges  0x00000000      0xa08
 .debug_aranges
                0x00000000       0x38 ./debug/PES_Project_5.o
 .debug_aranges
                0x00000038       0x40 ./debug/logger.o
 .debug_aranges
                0x00000078       0x80 ./debug/circular_buffer.o
 .debug_aranges
                0x000000f8       0xb0 ./debug/uart.o
 .debug_aranges
                0x000001a8       0x38 ./debug/systick.o
 .debug_aranges
                0x000001e0       0x68 ./debug/led.o
 .debug_aranges
                0x00000248       0x20 ./debug/unit_test.o
 .debug_aranges
                0x00000268       0x58 ./debug/System.o
 .debug_aranges
                0x000002c0      0x160 ./debug/startup_mkl25z4.o
 .debug_aranges
                0x00000420       0x28 ./debug/system_MKL25Z4.o
 .debug_aranges
                0x00000448       0x28 ./debug/board.o
 .debug_aranges
                0x00000470       0x58 ./debug/clock_config.o
 .debug_aranges
                0x000004c8       0x20 ./debug/peripherals.o
 .debug_aranges
                0x000004e8       0x38 ./debug/pin_mux.o
 .debug_aranges
                0x00000520      0x1d8 ./debug/fsl_clock.o
 .debug_aranges
                0x000006f8       0x38 ./debug/fsl_common.o
 .debug_aranges
                0x00000730      0x118 ./debug/fsl_lpsci.o
 .debug_aranges
                0x00000848      0x130 ./debug/fsl_uart.o
 .debug_aranges
                0x00000978       0x90 ./debug/fsl_debug_console.o

.debug_ranges   0x00000000      0x8d8
 .debug_ranges  0x00000000       0x28 ./debug/PES_Project_5.o
 .debug_ranges  0x00000028       0x30 ./debug/logger.o
 .debug_ranges  0x00000058       0x70 ./debug/circular_buffer.o
 .debug_ranges  0x000000c8       0xa0 ./debug/uart.o
 .debug_ranges  0x00000168       0x28 ./debug/systick.o
 .debug_ranges  0x00000190       0x58 ./debug/led.o
 .debug_ranges  0x000001e8       0x10 ./debug/unit_test.o
 .debug_ranges  0x000001f8       0x48 ./debug/System.o
 .debug_ranges  0x00000240      0x150 ./debug/startup_mkl25z4.o
 .debug_ranges  0x00000390       0x18 ./debug/system_MKL25Z4.o
 .debug_ranges  0x000003a8       0x18 ./debug/board.o
 .debug_ranges  0x000003c0       0x48 ./debug/clock_config.o
 .debug_ranges  0x00000408       0x10 ./debug/peripherals.o
 .debug_ranges  0x00000418       0x28 ./debug/pin_mux.o
 .debug_ranges  0x00000440      0x1c8 ./debug/fsl_clock.o
 .debug_ranges  0x00000608       0x28 ./debug/fsl_common.o
 .debug_ranges  0x00000630      0x108 ./debug/fsl_lpsci.o
 .debug_ranges  0x00000738      0x120 ./debug/fsl_uart.o
 .debug_ranges  0x00000858       0x80 ./debug/fsl_debug_console.o

.debug_macro    0x00000000     0x9f55
 .debug_macro   0x00000000      0x199 ./debug/PES_Project_5.o
 .debug_macro   0x00000199      0xacc ./debug/PES_Project_5.o
 .debug_macro   0x00000c65       0x10 ./debug/PES_Project_5.o
 .debug_macro   0x00000c75      0x12e ./debug/PES_Project_5.o
 .debug_macro   0x00000da3       0xd8 ./debug/PES_Project_5.o
 .debug_macro   0x00000e7b      0x5b3 ./debug/PES_Project_5.o
 .debug_macro   0x0000142e       0x22 ./debug/PES_Project_5.o
 .debug_macro   0x00001450       0x16 ./debug/PES_Project_5.o
 .debug_macro   0x00001466       0x22 ./debug/PES_Project_5.o
 .debug_macro   0x00001488       0x10 ./debug/PES_Project_5.o
 .debug_macro   0x00001498       0x3f ./debug/PES_Project_5.o
 .debug_macro   0x000014d7       0x3a ./debug/PES_Project_5.o
 .debug_macro   0x00001511       0x26 ./debug/PES_Project_5.o
 .debug_macro   0x00001537      0x329 ./debug/PES_Project_5.o
 .debug_macro   0x00001860       0x30 ./debug/PES_Project_5.o
 .debug_macro   0x00001890     0x51e2 ./debug/PES_Project_5.o
 .debug_macro   0x00006a72     0x1352 ./debug/PES_Project_5.o
 .debug_macro   0x00007dc4       0x3a ./debug/PES_Project_5.o
 .debug_macro   0x00007dfe       0xf4 ./debug/PES_Project_5.o
 .debug_macro   0x00007ef2       0x35 ./debug/PES_Project_5.o
 .debug_macro   0x00007f27       0x16 ./debug/PES_Project_5.o
 .debug_macro   0x00007f3d       0x10 ./debug/PES_Project_5.o
 .debug_macro   0x00007f4d      0x112 ./debug/PES_Project_5.o
 .debug_macro   0x0000805f       0x64 ./debug/PES_Project_5.o
 .debug_macro   0x000080c3       0x22 ./debug/PES_Project_5.o
 .debug_macro   0x000080e5       0x16 ./debug/PES_Project_5.o
 .debug_macro   0x000080fb       0x1c ./debug/PES_Project_5.o
 .debug_macro   0x00008117      0x123 ./debug/logger.o
 .debug_macro   0x0000823a       0x10 ./debug/logger.o
 .debug_macro   0x0000824a       0x16 ./debug/logger.o
 .debug_macro   0x00008260       0x1c ./debug/logger.o
 .debug_macro   0x0000827c      0x124 ./debug/circular_buffer.o
 .debug_macro   0x000083a0      0x12e ./debug/uart.o
 .debug_macro   0x000084ce      0x141 ./debug/systick.o
 .debug_macro   0x0000860f      0x120 ./debug/led.o
 .debug_macro   0x0000872f       0xfc ./debug/unit_test.o
 .debug_macro   0x0000882b      0x111 ./debug/unit_test.o
 .debug_macro   0x0000893c       0x76 ./debug/System.o
 .debug_macro   0x000089b2       0x29 ./debug/startup_mkl25z4.o
 .debug_macro   0x000089db      0xac0 ./debug/startup_mkl25z4.o
 .debug_macro   0x0000949b       0x94 ./debug/system_MKL25Z4.o
 .debug_macro   0x0000952f      0x112 ./debug/board.o
 .debug_macro   0x00009641      0x123 ./debug/clock_config.o
 .debug_macro   0x00009764       0x1c ./debug/clock_config.o
 .debug_macro   0x00009780       0x1b ./debug/peripherals.o
 .debug_macro   0x0000979b       0xee ./debug/pin_mux.o
 .debug_macro   0x00009889       0x10 ./debug/pin_mux.o
 .debug_macro   0x00009899      0x196 ./debug/fsl_clock.o
 .debug_macro   0x00009a2f       0xef ./debug/fsl_common.o
 .debug_macro   0x00009b1e       0xec ./debug/fsl_lpsci.o
 .debug_macro   0x00009c0a       0xf2 ./debug/fsl_uart.o
 .debug_macro   0x00009cfc      0x127 ./debug/fsl_debug_console.o
 .debug_macro   0x00009e23       0x16 ./debug/fsl_debug_console.o
 .debug_macro   0x00009e39       0x10 ./debug/fsl_debug_console.o
 .debug_macro   0x00009e49       0x28 ./debug/fsl_debug_console.o
 .debug_macro   0x00009e71       0xc4 ./debug/fsl_debug_console.o
 .debug_macro   0x00009f35       0x10 ./debug/fsl_debug_console.o
 .debug_macro   0x00009f45       0x10 ./debug/fsl_debug_console.o

.debug_line     0x00000000     0x6e06
 .debug_line    0x00000000      0x3b5 ./debug/PES_Project_5.o
 .debug_line    0x000003b5      0x377 ./debug/logger.o
 .debug_line    0x0000072c      0x4c3 ./debug/circular_buffer.o
 .debug_line    0x00000bef      0x737 ./debug/uart.o
 .debug_line    0x00001326      0x3cb ./debug/systick.o
 .debug_line    0x000016f1      0x391 ./debug/led.o
 .debug_line    0x00001a82      0x638 ./debug/unit_test.o
 .debug_line    0x000020ba      0x252 ./debug/System.o
 .debug_line    0x0000230c      0x1e4 ./debug/startup_mkl25z4.o
 .debug_line    0x000024f0      0x33c ./debug/system_MKL25Z4.o
 .debug_line    0x0000282c      0x2d7 ./debug/board.o
 .debug_line    0x00002b03      0x36a ./debug/clock_config.o
 .debug_line    0x00002e6d       0x59 ./debug/peripherals.o
 .debug_line    0x00002ec6      0x2f8 ./debug/pin_mux.o
 .debug_line    0x000031be     0x12ab ./debug/fsl_clock.o
 .debug_line    0x00004469      0x347 ./debug/fsl_common.o
 .debug_line    0x000047b0      0xd2c ./debug/fsl_lpsci.o
 .debug_line    0x000054dc      0xd1b ./debug/fsl_uart.o
 .debug_line    0x000061f7      0xc0f ./debug/fsl_debug_console.o

.debug_str      0x00000000    0x372d7
 .debug_str     0x00000000    0x31edf ./debug/PES_Project_5.o
                              0x3215a (size before relaxing)
 .debug_str     0x00031edf      0x107 ./debug/logger.o
                              0x30790 (size before relaxing)
 .debug_str     0x00031fe6       0xb3 ./debug/circular_buffer.o
                              0x30b00 (size before relaxing)
 .debug_str     0x00032099      0x2a4 ./debug/uart.o
                              0x3143c (size before relaxing)
 .debug_str     0x0003233d       0x69 ./debug/systick.o
                              0x31c9a (size before relaxing)
 .debug_str     0x000323a6       0xb4 ./debug/led.o
                              0x316bc (size before relaxing)
 .debug_str     0x0003245a     0x1174 ./debug/unit_test.o
                              0x2a503 (size before relaxing)
 .debug_str     0x000335ce       0x8c ./debug/System.o
                               0x4a41 (size before relaxing)
 .debug_str     0x0003365a      0x3ce ./debug/startup_mkl25z4.o
                               0x3220 (size before relaxing)
 .debug_str     0x00033a28       0x61 ./debug/system_MKL25Z4.o
                              0x2fc91 (size before relaxing)
 .debug_str     0x00033a89       0x49 ./debug/board.o
                              0x31423 (size before relaxing)
 .debug_str     0x00033ad2      0x3a0 ./debug/clock_config.o
                              0x31255 (size before relaxing)
 .debug_str     0x00033e72       0x2e ./debug/peripherals.o
                               0x2e2a (size before relaxing)
 .debug_str     0x00033ea0      0x319 ./debug/pin_mux.o
                              0x30b69 (size before relaxing)
 .debug_str     0x000341b9     0x1325 ./debug/fsl_clock.o
                              0x32327 (size before relaxing)
 .debug_str     0x000354de      0x117 ./debug/fsl_common.o
                              0x308c5 (size before relaxing)
 .debug_str     0x000355f5      0xa92 ./debug/fsl_lpsci.o
                              0x3192f (size before relaxing)
 .debug_str     0x00036087      0x93a ./debug/fsl_uart.o
                              0x31952 (size before relaxing)
 .debug_str     0x000369c1      0x916 ./debug/fsl_debug_console.o
                              0x31784 (size before relaxing)

.comment        0x00000000       0x75
 .comment       0x00000000       0x75 ./debug/PES_Project_5.o
                                 0x76 (size before relaxing)
 .comment       0x00000075       0x76 ./debug/logger.o
 .comment       0x00000075       0x76 ./debug/circular_buffer.o
 .comment       0x00000075       0x76 ./debug/uart.o
 .comment       0x00000075       0x76 ./debug/systick.o
 .comment       0x00000075       0x76 ./debug/led.o
 .comment       0x00000075       0x76 ./debug/unit_test.o
 .comment       0x00000075       0x76 ./debug/System.o
 .comment       0x00000075       0x76 ./debug/startup_mkl25z4.o
 .comment       0x00000075       0x76 ./debug/system_MKL25Z4.o
 .comment       0x00000075       0x76 ./debug/board.o
 .comment       0x00000075       0x76 ./debug/clock_config.o
 .comment       0x00000075       0x76 ./debug/peripherals.o
 .comment       0x00000075       0x76 ./debug/pin_mux.o
 .comment       0x00000075       0x76 ./debug/fsl_clock.o
 .comment       0x00000075       0x76 ./debug/fsl_common.o
 .comment       0x00000075       0x76 ./debug/fsl_lpsci.o
 .comment       0x00000075       0x76 ./debug/fsl_uart.o
 .comment       0x00000075       0x76 ./debug/fsl_debug_console.o
 .comment       0x00000075       0x76 c:/nxp/mcuxpressoide_11.0.0_2516/ide/plugins/com.nxp.mcuxpresso.tools.win32_11.0.0.201905131304/tools/bin/../lib/gcc/arm-none-eabi/8.2.1/../../../../arm-none-eabi/lib/thumb/v6-m/nofp\libcr_semihost_nf.a(_cr__main.o)
 .comment       0x00000075       0x76 c:/nxp/mcuxpressoide_11.0.0_2516/ide/plugins/com.nxp.mcuxpresso.tools.win32_11.0.0.201905131304/tools/bin/../lib/gcc/arm-none-eabi/8.2.1/../../../../arm-none-eabi/lib/thumb/v6-m/nofp\libcr_c.a(memset.o)
 .comment       0x00000075       0x76 c:/nxp/mcuxpressoide_11.0.0_2516/ide/plugins/com.nxp.mcuxpresso.tools.win32_11.0.0.201905131304/tools/bin/../lib/gcc/arm-none-eabi/8.2.1/../../../../arm-none-eabi/lib/thumb/v6-m/nofp\libcr_c.a(alloc.o)
 .comment       0x00000075       0x76 c:/nxp/mcuxpressoide_11.0.0_2516/ide/plugins/com.nxp.mcuxpresso.tools.win32_11.0.0.201905131304/tools/bin/../lib/gcc/arm-none-eabi/8.2.1/../../../../arm-none-eabi/lib/thumb/v6-m/nofp\libcr_c.a(initio.o)
 .comment       0x00000075       0x76 c:/nxp/mcuxpressoide_11.0.0_2516/ide/plugins/com.nxp.mcuxpresso.tools.win32_11.0.0.201905131304/tools/bin/../lib/gcc/arm-none-eabi/8.2.1/../../../../arm-none-eabi/lib/thumb/v6-m/nofp\libcr_c.a(setvbuf.o)
 .comment       0x00000075       0x76 c:/nxp/mcuxpressoide_11.0.0_2516/ide/plugins/com.nxp.mcuxpresso.tools.win32_11.0.0.201905131304/tools/bin/../lib/gcc/arm-none-eabi/8.2.1/../../../../arm-none-eabi/lib/thumb/v6-m/nofp\libcr_c.a(strlen.o)
 .comment       0x00000075       0x76 c:/nxp/mcuxpressoide_11.0.0_2516/ide/plugins/com.nxp.mcuxpresso.tools.win32_11.0.0.201905131304/tools/bin/../lib/gcc/arm-none-eabi/8.2.1/../../../../arm-none-eabi/lib/thumb/v6-m/nofp\libcr_c.a(__init_alloc.o)
 .comment       0x00000075       0x76 c:/nxp/mcuxpressoide_11.0.0_2516/ide/plugins/com.nxp.mcuxpresso.tools.win32_11.0.0.201905131304/tools/bin/../lib/gcc/arm-none-eabi/8.2.1/../../../../arm-none-eabi/lib/thumb/v6-m/nofp\libcr_c.a(_cr_sbrk.o)
 .comment       0x00000075       0x76 c:/nxp/mcuxpressoide_11.0.0_2516/ide/plugins/com.nxp.mcuxpresso.tools.win32_11.0.0.201905131304/tools/bin/../lib/gcc/arm-none-eabi/8.2.1/../../../../arm-none-eabi/lib/thumb/v6-m/nofp\libcr_c.a(_fdopen.o)
 .comment       0x00000075       0x76 c:/nxp/mcuxpressoide_11.0.0_2516/ide/plugins/com.nxp.mcuxpresso.tools.win32_11.0.0.201905131304/tools/bin/../lib/gcc/arm-none-eabi/8.2.1/../../../../arm-none-eabi/lib/thumb/v6-m/nofp\libcr_c.a(errno.o)
 .comment       0x00000075       0x76 c:/nxp/mcuxpressoide_11.0.0_2516/ide/plugins/com.nxp.mcuxpresso.tools.win32_11.0.0.201905131304/tools/bin/../lib/gcc/arm-none-eabi/8.2.1/../../../../arm-none-eabi/lib/thumb/v6-m/nofp\libcr_c.a(fclose.o)
 .comment       0x00000075       0x76 c:/nxp/mcuxpressoide_11.0.0_2516/ide/plugins/com.nxp.mcuxpresso.tools.win32_11.0.0.201905131304/tools/bin/../lib/gcc/arm-none-eabi/8.2.1/../../../../arm-none-eabi/lib/thumb/v6-m/nofp\libcr_c.a(fflush.o)
 .comment       0x00000075       0x76 c:/nxp/mcuxpressoide_11.0.0_2516/ide/plugins/com.nxp.mcuxpresso.tools.win32_11.0.0.201905131304/tools/bin/../lib/gcc/arm-none-eabi/8.2.1/../../../../arm-none-eabi/lib/thumb/v6-m/nofp\libcr_c.a(fseek.o)
 .comment       0x00000075       0x76 c:/nxp/mcuxpressoide_11.0.0_2516/ide/plugins/com.nxp.mcuxpresso.tools.win32_11.0.0.201905131304/tools/bin/../lib/gcc/arm-none-eabi/8.2.1/../../../../arm-none-eabi/lib/thumb/v6-m/nofp\libcr_c.a(ftell.o)
 .comment       0x00000075       0x76 c:/nxp/mcuxpressoide_11.0.0_2516/ide/plugins/com.nxp.mcuxpresso.tools.win32_11.0.0.201905131304/tools/bin/../lib/gcc/arm-none-eabi/8.2.1/../../../../arm-none-eabi/lib/thumb/v6-m/nofp\libcr_c.a(remove.o)
 .comment       0x00000075       0x76 c:/nxp/mcuxpressoide_11.0.0_2516/ide/plugins/com.nxp.mcuxpresso.tools.win32_11.0.0.201905131304/tools/bin/../lib/gcc/arm-none-eabi/8.2.1/../../../../arm-none-eabi/lib/thumb/v6-m/nofp\libcr_c.a(_cr_check_heap.o)
 .comment       0x00000075       0x76 c:/nxp/mcuxpressoide_11.0.0_2516/ide/plugins/com.nxp.mcuxpresso.tools.win32_11.0.0.201905131304/tools/bin/../lib/gcc/arm-none-eabi/8.2.1/../../../../arm-none-eabi/lib/thumb/v6-m/nofp\libcr_c.a(_do_fflush.o)
 .comment       0x00000075       0x76 c:/nxp/mcuxpressoide_11.0.0_2516/ide/plugins/com.nxp.mcuxpresso.tools.win32_11.0.0.201905131304/tools/bin/../lib/gcc/arm-none-eabi/8.2.1/../../../../arm-none-eabi/lib/thumb/v6-m/nofp\libcr_c.a(_fflush.o)
 .comment       0x00000075       0x76 c:/nxp/mcuxpressoide_11.0.0_2516/ide/plugins/com.nxp.mcuxpresso.tools.win32_11.0.0.201905131304/tools/bin/../lib/gcc/arm-none-eabi/8.2.1/../../../../arm-none-eabi/lib/thumb/v6-m/nofp\libcr_c.a(_writebuf.o)
 .comment       0x00000075       0x76 c:/nxp/mcuxpressoide_11.0.0_2516/ide/plugins/com.nxp.mcuxpresso.tools.win32_11.0.0.201905131304/tools/bin/../lib/gcc/arm-none-eabi/8.2.1/../../../../arm-none-eabi/lib/thumb/v6-m/nofp\libcr_c.a(_deferredlazyseek.o)
 .comment       0x00000075       0x76 c:/nxp/mcuxpressoide_11.0.0_2516/ide/plugins/com.nxp.mcuxpresso.tools.win32_11.0.0.201905131304/tools/bin/../lib/gcc/arm-none-eabi/8.2.1/thumb/v6-m/nofp\libcr_eabihelpers.a(double.o)
 .comment       0x00000075       0x76 c:/nxp/mcuxpressoide_11.0.0_2516/ide/plugins/com.nxp.mcuxpresso.tools.win32_11.0.0.201905131304/tools/bin/../lib/gcc/arm-none-eabi/8.2.1/../../../../arm-none-eabi/lib/thumb/v6-m/nofp\libcr_semihost_nf.a(__ciob.o)

.ARM.attributes
                0x00000000       0x2a
 .ARM.attributes
                0x00000000       0x2c ./debug/PES_Project_5.o
 .ARM.attributes
                0x0000002c       0x2c ./debug/logger.o
 .ARM.attributes
                0x00000058       0x2c ./debug/circular_buffer.o
 .ARM.attributes
                0x00000084       0x2c ./debug/uart.o
 .ARM.attributes
                0x000000b0       0x2c ./debug/systick.o
 .ARM.attributes
                0x000000dc       0x2c ./debug/led.o
 .ARM.attributes
                0x00000108       0x2c ./debug/unit_test.o
 .ARM.attributes
                0x00000134       0x2c ./debug/System.o
 .ARM.attributes
                0x00000160       0x2c ./debug/startup_mkl25z4.o
 .ARM.attributes
                0x0000018c       0x2c ./debug/system_MKL25Z4.o
 .ARM.attributes
                0x000001b8       0x2c ./debug/board.o
 .ARM.attributes
                0x000001e4       0x2c ./debug/clock_config.o
 .ARM.attributes
                0x00000210       0x2c ./debug/peripherals.o
 .ARM.attributes
                0x0000023c       0x2c ./debug/pin_mux.o
 .ARM.attributes
                0x00000268       0x2c ./debug/fsl_clock.o
 .ARM.attributes
                0x00000294       0x2c ./debug/fsl_common.o
 .ARM.attributes
                0x000002c0       0x2c ./debug/fsl_lpsci.o
 .ARM.attributes
                0x000002ec       0x2c ./debug/fsl_uart.o
 .ARM.attributes
                0x00000318       0x2c ./debug/fsl_debug_console.o
 .ARM.attributes
                0x00000344       0x2c c:/nxp/mcuxpressoide_11.0.0_2516/ide/plugins/com.nxp.mcuxpresso.tools.win32_11.0.0.201905131304/tools/bin/../lib/gcc/arm-none-eabi/8.2.1/../../../../arm-none-eabi/lib/thumb/v6-m/nofp\libcr_semihost_nf.a(_cr__main.o)
 .ARM.attributes
                0x00000370       0x2c c:/nxp/mcuxpressoide_11.0.0_2516/ide/plugins/com.nxp.mcuxpresso.tools.win32_11.0.0.201905131304/tools/bin/../lib/gcc/arm-none-eabi/8.2.1/../../../../arm-none-eabi/lib/thumb/v6-m/nofp\libcr_c.a(memset.o)
 .ARM.attributes
                0x0000039c       0x2c c:/nxp/mcuxpressoide_11.0.0_2516/ide/plugins/com.nxp.mcuxpresso.tools.win32_11.0.0.201905131304/tools/bin/../lib/gcc/arm-none-eabi/8.2.1/../../../../arm-none-eabi/lib/thumb/v6-m/nofp\libcr_c.a(alloc.o)
 .ARM.attributes
                0x000003c8       0x2c c:/nxp/mcuxpressoide_11.0.0_2516/ide/plugins/com.nxp.mcuxpresso.tools.win32_11.0.0.201905131304/tools/bin/../lib/gcc/arm-none-eabi/8.2.1/../../../../arm-none-eabi/lib/thumb/v6-m/nofp\libcr_c.a(initio.o)
 .ARM.attributes
                0x000003f4       0x2c c:/nxp/mcuxpressoide_11.0.0_2516/ide/plugins/com.nxp.mcuxpresso.tools.win32_11.0.0.201905131304/tools/bin/../lib/gcc/arm-none-eabi/8.2.1/../../../../arm-none-eabi/lib/thumb/v6-m/nofp\libcr_c.a(setvbuf.o)
 .ARM.attributes
                0x00000420       0x2c c:/nxp/mcuxpressoide_11.0.0_2516/ide/plugins/com.nxp.mcuxpresso.tools.win32_11.0.0.201905131304/tools/bin/../lib/gcc/arm-none-eabi/8.2.1/../../../../arm-none-eabi/lib/thumb/v6-m/nofp\libcr_c.a(strlen.o)
 .ARM.attributes
                0x0000044c       0x2c c:/nxp/mcuxpressoide_11.0.0_2516/ide/plugins/com.nxp.mcuxpresso.tools.win32_11.0.0.201905131304/tools/bin/../lib/gcc/arm-none-eabi/8.2.1/../../../../arm-none-eabi/lib/thumb/v6-m/nofp\libcr_c.a(__init_alloc.o)
 .ARM.attributes
                0x00000478       0x2c c:/nxp/mcuxpressoide_11.0.0_2516/ide/plugins/com.nxp.mcuxpresso.tools.win32_11.0.0.201905131304/tools/bin/../lib/gcc/arm-none-eabi/8.2.1/../../../../arm-none-eabi/lib/thumb/v6-m/nofp\libcr_c.a(_cr_sbrk.o)
 .ARM.attributes
                0x000004a4       0x2c c:/nxp/mcuxpressoide_11.0.0_2516/ide/plugins/com.nxp.mcuxpresso.tools.win32_11.0.0.201905131304/tools/bin/../lib/gcc/arm-none-eabi/8.2.1/../../../../arm-none-eabi/lib/thumb/v6-m/nofp\libcr_c.a(_fdopen.o)
 .ARM.attributes
                0x000004d0       0x31 c:/nxp/mcuxpressoide_11.0.0_2516/ide/plugins/com.nxp.mcuxpresso.tools.win32_11.0.0.201905131304/tools/bin/../lib/gcc/arm-none-eabi/8.2.1/../../../../arm-none-eabi/lib/thumb/v6-m/nofp\libcr_c.a(errno.o)
 .ARM.attributes
                0x00000501       0x2c c:/nxp/mcuxpressoide_11.0.0_2516/ide/plugins/com.nxp.mcuxpresso.tools.win32_11.0.0.201905131304/tools/bin/../lib/gcc/arm-none-eabi/8.2.1/../../../../arm-none-eabi/lib/thumb/v6-m/nofp\libcr_c.a(fclose.o)
 .ARM.attributes
                0x0000052d       0x2c c:/nxp/mcuxpressoide_11.0.0_2516/ide/plugins/com.nxp.mcuxpresso.tools.win32_11.0.0.201905131304/tools/bin/../lib/gcc/arm-none-eabi/8.2.1/../../../../arm-none-eabi/lib/thumb/v6-m/nofp\libcr_c.a(fflush.o)
 .ARM.attributes
                0x00000559       0x2c c:/nxp/mcuxpressoide_11.0.0_2516/ide/plugins/com.nxp.mcuxpresso.tools.win32_11.0.0.201905131304/tools/bin/../lib/gcc/arm-none-eabi/8.2.1/../../../../arm-none-eabi/lib/thumb/v6-m/nofp\libcr_c.a(fseek.o)
 .ARM.attributes
                0x00000585       0x2c c:/nxp/mcuxpressoide_11.0.0_2516/ide/plugins/com.nxp.mcuxpresso.tools.win32_11.0.0.201905131304/tools/bin/../lib/gcc/arm-none-eabi/8.2.1/../../../../arm-none-eabi/lib/thumb/v6-m/nofp\libcr_c.a(ftell.o)
 .ARM.attributes
                0x000005b1       0x2c c:/nxp/mcuxpressoide_11.0.0_2516/ide/plugins/com.nxp.mcuxpresso.tools.win32_11.0.0.201905131304/tools/bin/../lib/gcc/arm-none-eabi/8.2.1/../../../../arm-none-eabi/lib/thumb/v6-m/nofp\libcr_c.a(remove.o)
 .ARM.attributes
                0x000005dd       0x2c c:/nxp/mcuxpressoide_11.0.0_2516/ide/plugins/com.nxp.mcuxpresso.tools.win32_11.0.0.201905131304/tools/bin/../lib/gcc/arm-none-eabi/8.2.1/../../../../arm-none-eabi/lib/thumb/v6-m/nofp\libcr_c.a(_cr_check_heap.o)
 .ARM.attributes
                0x00000609       0x2c c:/nxp/mcuxpressoide_11.0.0_2516/ide/plugins/com.nxp.mcuxpresso.tools.win32_11.0.0.201905131304/tools/bin/../lib/gcc/arm-none-eabi/8.2.1/../../../../arm-none-eabi/lib/thumb/v6-m/nofp\libcr_c.a(_do_fflush.o)
 .ARM.attributes
                0x00000635       0x2c c:/nxp/mcuxpressoide_11.0.0_2516/ide/plugins/com.nxp.mcuxpresso.tools.win32_11.0.0.201905131304/tools/bin/../lib/gcc/arm-none-eabi/8.2.1/../../../../arm-none-eabi/lib/thumb/v6-m/nofp\libcr_c.a(_fflush.o)
 .ARM.attributes
                0x00000661       0x2c c:/nxp/mcuxpressoide_11.0.0_2516/ide/plugins/com.nxp.mcuxpresso.tools.win32_11.0.0.201905131304/tools/bin/../lib/gcc/arm-none-eabi/8.2.1/../../../../arm-none-eabi/lib/thumb/v6-m/nofp\libcr_c.a(_writebuf.o)
 .ARM.attributes
                0x0000068d       0x2c c:/nxp/mcuxpressoide_11.0.0_2516/ide/plugins/com.nxp.mcuxpresso.tools.win32_11.0.0.201905131304/tools/bin/../lib/gcc/arm-none-eabi/8.2.1/../../../../arm-none-eabi/lib/thumb/v6-m/nofp\libcr_c.a(_deferredlazyseek.o)
 .ARM.attributes
                0x000006b9       0x1c c:/nxp/mcuxpressoide_11.0.0_2516/ide/plugins/com.nxp.mcuxpresso.tools.win32_11.0.0.201905131304/tools/bin/../lib/gcc/arm-none-eabi/8.2.1/thumb/v6-m/nofp\libcr_eabihelpers.a(division_32.o)
 .ARM.attributes
                0x000006d5       0x1c c:/nxp/mcuxpressoide_11.0.0_2516/ide/plugins/com.nxp.mcuxpresso.tools.win32_11.0.0.201905131304/tools/bin/../lib/gcc/arm-none-eabi/8.2.1/thumb/v6-m/nofp\libcr_eabihelpers.a(division_idiv0.o)
 .ARM.attributes
                0x000006f1       0x2c c:/nxp/mcuxpressoide_11.0.0_2516/ide/plugins/com.nxp.mcuxpresso.tools.win32_11.0.0.201905131304/tools/bin/../lib/gcc/arm-none-eabi/8.2.1/thumb/v6-m/nofp\libcr_eabihelpers.a(double.o)
 .ARM.attributes
                0x0000071d       0x1c c:/nxp/mcuxpressoide_11.0.0_2516/ide/plugins/com.nxp.mcuxpresso.tools.win32_11.0.0.201905131304/tools/bin/../lib/gcc/arm-none-eabi/8.2.1/thumb/v6-m/nofp\libcr_eabihelpers.a(memcpy.o)
 .ARM.attributes
                0x00000739       0x31 c:/nxp/mcuxpressoide_11.0.0_2516/ide/plugins/com.nxp.mcuxpresso.tools.win32_11.0.0.201905131304/tools/bin/../lib/gcc/arm-none-eabi/8.2.1/../../../../arm-none-eabi/lib/thumb/v6-m/nofp\libcr_semihost_nf.a(__ciob.o)
 .ARM.attributes
                0x0000076a       0x1c c:/nxp/mcuxpressoide_11.0.0_2516/ide/plugins/com.nxp.mcuxpresso.tools.win32_11.0.0.201905131304/tools/bin/../lib/gcc/arm-none-eabi/8.2.1/../../../../arm-none-eabi/lib/thumb/v6-m/nofp\libcr_semihost_nf.a(__sys_close.o)
 .ARM.attributes
                0x00000786       0x1c c:/nxp/mcuxpressoide_11.0.0_2516/ide/plugins/com.nxp.mcuxpresso.tools.win32_11.0.0.201905131304/tools/bin/../lib/gcc/arm-none-eabi/8.2.1/../../../../arm-none-eabi/lib/thumb/v6-m/nofp\libcr_semihost_nf.a(__sys_flen.o)
 .ARM.attributes
                0x000007a2       0x1c c:/nxp/mcuxpressoide_11.0.0_2516/ide/plugins/com.nxp.mcuxpresso.tools.win32_11.0.0.201905131304/tools/bin/../lib/gcc/arm-none-eabi/8.2.1/../../../../arm-none-eabi/lib/thumb/v6-m/nofp\libcr_semihost_nf.a(__sys_istty.o)
 .ARM.attributes
                0x000007be       0x1c c:/nxp/mcuxpressoide_11.0.0_2516/ide/plugins/com.nxp.mcuxpresso.tools.win32_11.0.0.201905131304/tools/bin/../lib/gcc/arm-none-eabi/8.2.1/../../../../arm-none-eabi/lib/thumb/v6-m/nofp\libcr_semihost_nf.a(__sys_remove.o)
 .ARM.attributes
                0x000007da       0x1c c:/nxp/mcuxpressoide_11.0.0_2516/ide/plugins/com.nxp.mcuxpresso.tools.win32_11.0.0.201905131304/tools/bin/../lib/gcc/arm-none-eabi/8.2.1/../../../../arm-none-eabi/lib/thumb/v6-m/nofp\libcr_semihost_nf.a(__sys_seek.o)
 .ARM.attributes
                0x000007f6       0x1c c:/nxp/mcuxpressoide_11.0.0_2516/ide/plugins/com.nxp.mcuxpresso.tools.win32_11.0.0.201905131304/tools/bin/../lib/gcc/arm-none-eabi/8.2.1/../../../../arm-none-eabi/lib/thumb/v6-m/nofp\libcr_semihost_nf.a(__sys_tmpnam.o)
 .ARM.attributes
                0x00000812       0x1c c:/nxp/mcuxpressoide_11.0.0_2516/ide/plugins/com.nxp.mcuxpresso.tools.win32_11.0.0.201905131304/tools/bin/../lib/gcc/arm-none-eabi/8.2.1/../../../../arm-none-eabi/lib/thumb/v6-m/nofp\libcr_semihost_nf.a(__sys_write.o)

.debug_frame    0x00000000     0x2034
 .debug_frame   0x00000000       0x88 ./debug/PES_Project_5.o
 .debug_frame   0x00000088       0xb0 ./debug/logger.o
 .debug_frame   0x00000138      0x1b4 ./debug/circular_buffer.o
 .debug_frame   0x000002ec      0x27c ./debug/uart.o
 .debug_frame   0x00000568       0x84 ./debug/systick.o
 .debug_frame   0x000005ec      0x134 ./debug/led.o
 .debug_frame   0x00000720       0x34 ./debug/unit_test.o
 .debug_frame   0x00000754      0x100 ./debug/System.o
 .debug_frame   0x00000854      0x3b0 ./debug/startup_mkl25z4.o
 .debug_frame   0x00000c04       0x4c ./debug/system_MKL25Z4.o
 .debug_frame   0x00000c50       0x50 ./debug/board.o
 .debug_frame   0x00000ca0      0x100 ./debug/clock_config.o
 .debug_frame   0x00000da0       0x2c ./debug/peripherals.o
 .debug_frame   0x00000dcc       0x88 ./debug/pin_mux.o
 .debug_frame   0x00000e54      0x6e0 ./debug/fsl_clock.o
 .debug_frame   0x00001534       0x90 ./debug/fsl_common.o
 .debug_frame   0x000015c4      0x418 ./debug/fsl_lpsci.o
 .debug_frame   0x000019dc      0x468 ./debug/fsl_uart.o
 .debug_frame   0x00001e44      0x1f0 ./debug/fsl_debug_console.o
